
> @prc/attachments-inspector@1.1.1 build
> wp-scripts build --source-path=includes/attachments-panel/src --output-path=includes/attachments-panel/build && wp-scripts build --source-path=includes/attachment-report/src --output-path=includes/attachment-report/build && wp-scripts build --source-path=includes/image-mismatch/src --output-path=includes/image-mismatch/build

assets by chunk 13.5 KiB (name: index)
  asset index.js 13.2 KiB [emitted] [minimized] (name: index)
  asset index.asset.php 340 bytes [emitted] [compared for emit] (name: index)
assets by path ./*.css 902 bytes
  asset ./style-index-rtl.css 451 bytes [emitted] (name: ./style-index) (id hint: style)
  asset ./style-index.css 451 bytes [emitted] (name: ./style-index) (id hint: style)
Entrypoint index 14.4 KiB = ./style-index.css 451 bytes ./style-index-rtl.css 451 bytes index.js 13.2 KiB index.asset.php 340 bytes
orphan modules 237 KiB (javascript) 937 bytes (runtime) [orphan] 346 modules
runtime modules 3.08 KiB 5 modules
built modules 28.7 KiB (javascript) 450 bytes (css/mini-extract) [built]
  ./includes/attachments-panel/src/index.js + 32 modules 28.7 KiB [not cacheable] [built] [code generated]
  css ../../node_modules/css-loader/dist/cjs.js??ruleSet[1].rules[3].use[1]!../../node_modules/postcss-loader/dist/cjs.js??ruleSet[1].rules[3].use[2]!../../node_modules/sass-loader/dist/cjs.js??ruleSet[1].rules[3].use[3]!./includes/attachments-panel/src/style.scss 450 bytes [built] [code generated]
webpack 5.106.2 compiled successfully in 2272 ms
assets by chunk 236 KiB (name: index)
  asset index.js 235 KiB [emitted] [minimized] (name: index)
  asset index.asset.php 388 bytes [emitted] [compared for emit] (name: index)
assets by path ./*.css 130 KiB
  asset ./style-index-rtl.css 64.9 KiB [emitted] (name: ./style-index) (id hint: style)
  asset ./style-index.css 64.9 KiB [emitted] (name: ./style-index) (id hint: style)
Entrypoint index [big] 365 KiB = ./style-index.css 64.9 KiB ./style-index-rtl.css 64.9 KiB index.js 235 KiB index.asset.php 388 bytes
orphan modules 4.2 MiB (javascript) 937 bytes (runtime) [orphan] 2594 modules
runtime modules 4.5 KiB 7 modules
built modules 687 KiB (javascript) 64.9 KiB (css/mini-extract) [built]
  cacheable modules 10.1 KiB (javascript) 64.9 KiB (css/mini-extract)
    modules by path ../../node_modules/use-sync-external-store/ 2.15 KiB
      ../../node_modules/use-sync-external-store/shim/index.js 234 bytes [built] [code generated]
      ../../node_modules/use-sync-external-store/cjs/use-sync-external-store-shim...(truncated) 1.92 KiB [built] [code generated]
    css ../../node_modules/css-loader/dist/cjs.js??ruleSet[1].rules[3].use[1]!../../node_modules/postcss-loader/dist/cjs.js??ruleSet[1].rules[3].use[2]!../../node_modules/sass-loader/dist/cjs.js??ruleSet[1].rules[3].use[3]!./includes/attachment-report/src/style.scss 64.9 KiB [built] [code generated]
    ../../node_modules/remove-accents/index.js 6.07 KiB [built] [code generated]
    ../../node_modules/fast-deep-equal/es6/index.js 1.89 KiB [built] [code generated]
  ./includes/attachment-report/src/index.js + 272 modules 677 KiB [not cacheable] [built] [code generated]
  external "React" 42 bytes [built] [code generated]

WARNING in entrypoint size limit: The following entrypoint(s) combined asset size exceeds the recommended limit (244 KiB). This can impact web performance.
Entrypoints:
  index (365 KiB)
      ./style-index.css
      ./style-index-rtl.css
      index.js
      index.asset.php

WARNING in webpack performance recommendations: 
You can limit the size of your bundles by using import() or require.ensure to lazy load some parts of your application.
For more info visit https://webpack.js.org/guides/code-splitting/

webpack 5.106.2 compiled with 2 warnings in 9280 ms
assets by status 8.43 KiB [compared for emit]
  asset index.js 8.16 KiB [compared for emit] [minimized] (name: index)
  asset index.asset.php 276 bytes [compared for emit] (name: index)
assets by status 2.55 KiB [emitted]
  asset ./style-index-rtl.css 1.28 KiB [emitted] (name: ./style-index) (id hint: style)
  asset ./style-index.css 1.28 KiB [emitted] (name: ./style-index) (id hint: style)
Entrypoint index 11 KiB = ./style-index.css 1.28 KiB ./style-index-rtl.css 1.28 KiB index.js 8.16 KiB index.asset.php 276 bytes
orphan modules 234 KiB (javascript) 937 bytes (runtime) [orphan] 338 modules
runtime modules 3.08 KiB 5 modules
built modules 21.9 KiB (javascript) 1.28 KiB (css/mini-extract) [built]
  ./includes/image-mismatch/src/index.js + 17 modules 21.9 KiB [not cacheable] [built] [code generated]
  css ../../node_modules/css-loader/dist/cjs.js??ruleSet[1].rules[3].use[1]!../../node_modules/postcss-loader/dist/cjs.js??ruleSet[1].rules[3].use[2]!../../node_modules/sass-loader/dist/cjs.js??ruleSet[1].rules[3].use[3]!./includes/image-mismatch/src/style.scss 1.28 KiB [built] [code generated]
webpack 5.106.2 compiled successfully in 1802 ms
