
> build
> wp-scripts build src/index.js

assets by chunk 236 KiB (name: index)
  asset index.js 235 KiB [emitted] [minimized] (name: index)
  asset index.asset.php 388 bytes [emitted] [compared for emit] (name: index)
assets by path ./*.css 130 KiB
  asset ./style-index-rtl.css 64.9 KiB [emitted] (name: ./style-index) (id hint: style)
  asset ./style-index.css 64.9 KiB [emitted] (name: ./style-index) (id hint: style)
Entrypoint index [big] 365 KiB = ./style-index.css 64.9 KiB ./style-index-rtl.css 64.9 KiB index.js 235 KiB index.asset.php 388 bytes
orphan modules 4.2 MiB (javascript) 937 bytes (runtime) [orphan] 2594 modules
runtime modules 4.53 KiB 7 modules
built modules 687 KiB (javascript) 64.9 KiB (css/mini-extract) [built]
  cacheable modules 10.1 KiB (javascript) 64.9 KiB (css/mini-extract)
    modules by path ../../../../node_modules/use-sync-external-store/ 2.15 KiB
      ../../../../node_modules/use-sync-external-store/shim/index.js 234 bytes [built] [code generated]
      ../../../../node_modules/use-sync-external-store/cjs/use-sync-external-store-shi...(truncated) 1.92 KiB [built] [code generated]
    css ../../../../node_modules/css-loader/dist/cjs.js??ruleSet[1].rules[3].use[1]!../../../../node_modules/postcss-loader/dist/cjs.js??ruleSet[1].rules[3].use[2]!../../../../node_modules/sass-loader/dist/cjs.js??ruleSet[1].rules[3].use[3]!./src/style.scss 64.9 KiB [built] [code generated]
    ../../../../node_modules/remove-accents/index.js 6.07 KiB [built] [code generated]
    ../../../../node_modules/fast-deep-equal/es6/index.js 1.89 KiB [built] [code generated]
  ./src/index.js + 272 modules 677 KiB [not cacheable] [built] [code generated]
  external "React" 42 bytes [built] [code generated]

WARNING in entrypoint size limit: The following entrypoint(s) combined asset size exceeds the recommended limit (244 KiB). This can impact web performance.
Entrypoints:
  index (365 KiB)
      ./style-index.css
      ./style-index-rtl.css
      index.js
      index.asset.php

WARNING in webpack performance recommendations: 
You can limit the size of your bundles by using import() or require.ensure to lazy load some parts of your application.
For more info visit https://webpack.js.org/guides/code-splitting/

webpack 5.106.2 compiled with 2 warnings in 9766 ms
